{
  "filters_used": [
    {
      "path": "detect_secrets.filters.allowlist.is_line_allowlisted"
    },
    {
      "path": "detect_secrets.filters.heuristic.is_indirect_reference"
    },
    {
      "path": "detect_secrets.filters.heuristic.is_likely_id_string"
    },
    {
      "path": "detect_secrets.filters.heuristic.is_lock_file"
    },
    {
      "path": "detect_secrets.filters.heuristic.is_not_alphanumeric_string"
    },
    {
      "path": "detect_secrets.filters.heuristic.is_potential_uuid"
    },
    {
      "path": "detect_secrets.filters.heuristic.is_prefixed_with_dollar_sign"
    },
    {
      "path": "detect_secrets.filters.heuristic.is_sequential_string"
    },
    {
      "path": "detect_secrets.filters.heuristic.is_swagger_file"
    },
    {
      "path": "detect_secrets.filters.heuristic.is_templated_secret"
    },
    {
      "path": "detect_secrets.filters.regex.should_exclude_file",
      "pattern": [
        "(^|/)(\\.git|\\.pytest_cache|__pycache__|\\.venv|node_modules)/|^\\.ruff_cache/"
      ]
    }
  ],
  "generated_at": "2026-09-28T07:18:44Z",
  "plugins_used": [
    {
      "name": "ArtifactoryDetector"
    },
    {
      "name": "AWSKeyDetector"
    },
    {
      "name": "AzureStorageKeyDetector"
    },
    {
      "limit": 4.5,
      "name": "Base64HighEntropyString"
    },
    {
      "name": "BasicAuthDetector"
    },
    {
      "name": "CloudantDetector"
    },
    {
      "name": "DiscordBotTokenDetector"
    },
    {
      "name": "GitHubTokenDetector"
    },
    {
      "name": "GitLabTokenDetector"
    },
    {
      "limit": 3.0,
      "name": "HexHighEntropyString"
    },
    {
      "name": "IbmCloudIamDetector"
    },
    {
      "name": "IbmCosHmacDetector"
    },
    {
      "name": "IPPublicDetector"
    },
    {
      "name": "JwtTokenDetector"
    },
    {
      "keyword_exclude": "",
      "name": "KeywordDetector"
    },
    {
      "name": "MailchimpDetector"
    },
    {
      "name": "NpmDetector"
    },
    {
      "name": "OpenAIDetector"
    },
    {
      "name": "PrivateKeyDetector"
    },
    {
      "name": "PypiTokenDetector"
    },
    {
      "name": "SendGridDetector"
    },
    {
      "name": "SlackDetector"
    },
    {
      "name": "SoftlayerDetector"
    },
    {
      "name": "SquareOAuthDetector"
    },
    {
      "name": "StripeDetector"
    },
    {
      "name": "TelegramBotTokenDetector"
    },
    {
      "name": "TwilioKeyDetector"
    }
  ],
  "results": {
    ".env.example": [
      {
        "filename": ".env.example",
        "hashed_secret": "af41cdacb0352cc892cbfa57af58bf267d8011e4",
        "is_secret": false,
        "is_verified": false,
        "line_number": 2,
        "type": "Basic Auth Credentials"
      }
    ],
    ".env.mvp.example": [
      {
        "filename": ".env.mvp.example",
        "hashed_secret": "af41cdacb0352cc892cbfa57af58bf267d8011e4",
        "is_secret": false,
        "is_verified": false,
        "line_number": 2,
        "type": "Basic Auth Credentials"
      }
    ],
    ".env.production.example": [
      {
        "filename": ".env.production.example",
        "hashed_secret": "5baa61e4c9b93f3f0682250b6cf8331b7ee68fd8",
        "is_secret": false,
        "is_verified": false,
        "line_number": 6,
        "type": "Basic Auth Credentials"
      }
    ],
    ".github/workflows/ci.yml": [
      {
        "filename": ".github/workflows/ci.yml",
        "hashed_secret": "206c80413b9a96c1312cc346b7d2517b84463edd",
        "is_secret": false,
        "is_verified": false,
        "line_number": 84,
        "type": "Secret Keyword"
      },
      {
        "filename": ".github/workflows/ci.yml",
        "hashed_secret": "af41cdacb0352cc892cbfa57af58bf267d8011e4",
        "is_secret": false,
        "is_verified": false,
        "line_number": 118,
        "type": "Secret Keyword"
      },
      {
        "filename": ".github/workflows/ci.yml",
        "hashed_secret": "af41cdacb0352cc892cbfa57af58bf267d8011e4",
        "is_secret": false,
        "is_verified": false,
        "line_number": 159,
        "type": "Basic Auth Credentials"
      },
      {
        "filename": ".github/workflows/ci.yml",
        "hashed_secret": "2664a96359e0335fd7a936cb1902d0d7329a5637",
        "is_secret": false,
        "is_verified": false,
        "line_number": 208,
        "type": "Secret Keyword"
      }
    ],
    "alembic.ini": [
      {
        "filename": "alembic.ini",
        "hashed_secret": "af41cdacb0352cc892cbfa57af58bf267d8011e4",
        "is_secret": false,
        "is_verified": false,
        "line_number": 4,
        "type": "Basic Auth Credentials"
      }
    ],
    "app/config.py": [
      {
        "filename": "app/config.py",
        "hashed_secret": "af41cdacb0352cc892cbfa57af58bf267d8011e4",
        "is_secret": false,
        "is_verified": false,
        "line_number": 7,
        "type": "Basic Auth Credentials"
      }
    ],
    "docs/CODEX_MVP_SIMPLIFICATION_INSTRUCTIONS.md": [
      {
        "filename": "docs/CODEX_MVP_SIMPLIFICATION_INSTRUCTIONS.md",
        "hashed_secret": "af41cdacb0352cc892cbfa57af58bf267d8011e4",
        "is_secret": false,
        "is_verified": false,
        "line_number": 299,
        "type": "Basic Auth Credentials"
      }
    ],
    "docs/WEBHOOK_SECURITY.md": [
      {
        "filename": "docs/WEBHOOK_SECURITY.md",
        "hashed_secret": "d041d7d7a530db09b8901dc803d6747770c18bd8",
        "is_secret": false,
        "is_verified": false,
        "line_number": 77,
        "type": "Secret Keyword"
      }
    ],
    "docs/checkpoints/CP-01-STABILIZATION-VALIDATION.md": [
      {
        "filename": "docs/checkpoints/CP-01-STABILIZATION-VALIDATION.md",
        "hashed_secret": "af41cdacb0352cc892cbfa57af58bf267d8011e4",
        "is_secret": false,
        "is_verified": false,
        "line_number": 136,
        "type": "Basic Auth Credentials"
      }
    ],
    "scripts/check_migrations.sh": [
      {
        "filename": "scripts/check_migrations.sh",
        "hashed_secret": "206c80413b9a96c1312cc346b7d2517b84463edd",
        "is_secret": false,
        "is_verified": false,
        "line_number": 33,
        "type": "Secret Keyword"
      }
    ],
    "tests/conftest.py": [
      {
        "filename": "tests/conftest.py",
        "hashed_secret": "206c80413b9a96c1312cc346b7d2517b84463edd",
        "is_secret": false,
        "is_verified": false,
        "line_number": 15,
        "type": "Secret Keyword"
      }
    ],
    "tests/test_collector_pagination.py": [
      {
        "filename": "tests/test_collector_pagination.py",
        "hashed_secret": "767ef7376d44bb6e52b390ddcd12c1cb1b3902a4",
        "is_secret": false,
        "is_verified": false,
        "line_number": 74,
        "type": "Secret Keyword"
      }
    ],
    "tests/test_cp01g_mvp_runtime_gate.py": [
      {
        "filename": "tests/test_cp01g_mvp_runtime_gate.py",
        "hashed_secret": "a4b48a81cdab1e1a5dd37907d6c85ca1c61ddc7c",
        "is_secret": false,
        "is_verified": false,
        "line_number": 488,
        "type": "Secret Keyword"
      }
    ],
    "tests/test_mvp_flow.py": [
      {
        "filename": "tests/test_mvp_flow.py",
        "hashed_secret": "206c80413b9a96c1312cc346b7d2517b84463edd",
        "is_secret": false,
        "is_verified": false,
        "line_number": 26,
        "type": "Secret Keyword"
      }
    ],
    "tests/test_phase06_comprehensive.py": [
      {
        "filename": "tests/test_phase06_comprehensive.py",
        "hashed_secret": "7585d1f7ceb90fd0b1ab42d0a6ca39fcf55065c7",
        "is_secret": false,
        "is_verified": false,
        "line_number": 270,
        "type": "Secret Keyword"
      },
      {
        "filename": "tests/test_phase06_comprehensive.py",
        "hashed_secret": "72cb70dbbafe97e5ea13ad88acd65d08389439b0",
        "is_secret": false,
        "is_verified": false,
        "line_number": 297,
        "type": "Secret Keyword"
      },
      {
        "filename": "tests/test_phase06_comprehensive.py",
        "hashed_secret": "5718bce97710e6be87ea160b36eaefb5032857d3",
        "is_secret": false,
        "is_verified": false,
        "line_number": 308,
        "type": "Secret Keyword"
      },
      {
        "filename": "tests/test_phase06_comprehensive.py",
        "hashed_secret": "7288edd0fc3ffcbe93a0cf06e3568e28521687bc",
        "is_secret": false,
        "is_verified": false,
        "line_number": 770,
        "type": "Secret Keyword"
      }
    ]
  },
  "version": "1.5.0"
}
